digraph  {
     __2 [label="foo.C", shape="box", style="filled,rounded"];
     __8 [label="foo.D", shape="box", style="filled,rounded"];
     __3 [label="foo.A", shape="box", style="filled,rounded"];
     __6 [label="foo.B", shape="box", style="filled,rounded"];

    __2 -> __8;
    __3 -> __2;
    __3 -> __8;
    __6 -> __2;
}