digraph Transition1 {      __1 [label="foo.A", fillcolor="gray", shape="box", style="filled,rounded"];     __2 [label="() => (foo.A + foo.B)", fillcolor="gray", style="filled", shape="octagon"];     __5 [label="[1] () => (foo.A + foo.C)", fillcolor="palegreen", style="filled", shape="octagon"];     __4 [label="[0] foo.C", fillcolor="palegreen", shape="box", style="filled,rounded"];     __3 [label="foo.B", fillcolor="gray", shape="box", style="filled,rounded"];     __6 [label="[2] foo.D", fillcolor="palegreen", shape="box", style="filled,rounded"]; __1 -> __2;__1 -> __5;__2 -> __4;__5 -> __6;__4 -> __5;__3 -> __2;})
digraph Transition2 {      __1 [label="[0] foo.A", fillcolor="palegreen", shape="box", style="filled,rounded"];     __2 [label="[1] () => (foo.A + foo.B)", fillcolor="palegreen", style="filled", shape="octagon"];     __5 [label="[3] () => (foo.A + foo.C)", fillcolor="palegreen", style="filled", shape="octagon"];     __4 [label="[2] foo.C", fillcolor="palegreen", shape="box", style="filled,rounded"];     __3 [label="foo.B", fillcolor="gray", shape="box", style="filled,rounded"];     __6 [label="[4] foo.D", fillcolor="palegreen", shape="box", style="filled,rounded"]; __1 -> __2;__1 -> __5;__2 -> __4;__5 -> __6;__4 -> __5;__3 -> __2;})
