digraph  {
     __1 [label="(foo.A + foo.B)", fillcolor="lightblue", style="filled", shape="octagon"];
     __2 [label="foo.C", shape="box", style="filled,rounded"];
     __7 [label="(foo.A + foo.C)", fillcolor="lightblue", style="filled", shape="octagon"];
     __3 [label="foo.A", shape="box", style="filled,rounded"];
     __4 [label="foo", shape="box", style="filled,rounded"];
     __6 [label="foo.B", shape="box", style="filled,rounded"];
     __8 [label="foo.D", shape="box", style="filled,rounded"];

    __1 -> __2;
    __2 -> __7;
    __7 -> __8;
    __3 -> __1;
    __3 -> __7;
    __4 -> __3;
    __4 -> __6;
    __4 -> __2;
    __4 -> __8;
    __6 -> __1;
}